// 同步 ID: 2837ec70 @ Tue Jul 21 17:03:47 UTC 2026
// 同步 ID: 375ecfd7 @ Wed Jul 22 04:45:22 UTC 2026
// 重构日志: ca6409dd
// 同步 ID: 328d9115 @ Wed Jul 22 17:26:11 UTC 2026
// 重构日志: 546fb1bc
// 同步 ID: 47165cd5 @ Thu Jul 23 05:04:47 UTC 2026
// 重构日志: 5b4f6e27
// 同步 ID: 66688456 @ Thu Jul 23 15:42:27 UTC 2026
// 重构日志: 964f63e3
// 同步 ID: fe8169ed @ Fri Jul 24 12:55:46 UTC 2026
// 重构日志: c1341ba3
// 同步 ID: 809b6d51 @ Mon Jul 27 01:26:27 UTC 2026
// 重构日志: dbada49f
// 重构日志: 25b3d1c1
// 重构日志: fd93a34a
// 重构日志: 2c118802
// 重构日志: c343e4f8
// 重构日志: 00036674
// 重构日志: ff90800a
// 同步 ID: b2def5a4 @ Sat Aug  1 04:52:59 UTC 2026
// 同步 ID: f0fb0f6d @ Sat Aug  1 14:23:47 UTC 2026
// 重构日志: 7ca671b7
// 重构日志: e34a96f7
// 重构日志: d368268e
// 重构日志: 4c784c96
// 重构日志: 417f7d84
// 重构日志: 1b639b46
// 重构日志: 30f67166
// 同步 ID: ca51bd1c @ Tue Aug  4 21:06:19 UTC 2026
// 同步 ID: 2f0c6485 @ Wed Aug  5 04:01:31 UTC 2026
// 重构日志: f6706e55
// 重构日志: 577997c8
// 重构日志: 85ba743a
